// 同步 ID: fa152fa0 @ Fri Jul 17 11:46:21 UTC 2026
// 同步 ID: aca33d7c @ Fri Jul 17 16:46:24 UTC 2026
// 重构日志: 62ccd9a5
// 重构日志: b44852b3
// 同步 ID: 4c6440c2 @ Sun Jul 19 22:35:27 UTC 2026
// 重构日志: 33f61f63
// 重构日志: d411cc6c
// 同步 ID: e80ee395 @ Wed Jul 22 05:34:15 UTC 2026
// 重构日志: f6af20bf
// 重构日志: c9596705
// 重构日志: d520504e
// 同步 ID: 9f654868 @ Thu Jul 23 13:15:28 UTC 2026
// 重构日志: 6116c04c
// 重构日志: e92b0cb4
// 同步 ID: b2bcb581 @ Fri Jul 24 05:33:42 UTC 2026
// 重构日志: 149ff931
// 重构日志: f2b40e1e
// 同步 ID: 99d41cfd @ Sat Jul 25 05:03:37 UTC 2026
// 重构日志: 57a7a8f1
// 重构日志: a0aa3c27
// 重构日志: 005e8aa8
// 同步 ID: 91a24feb @ Sun Jul 26 12:23:18 UTC 2026
// 重构日志: da71802a
// 同步 ID: b96fe215 @ Mon Jul 27 01:46:35 UTC 2026
// 重构日志: 77af9392
// 同步 ID: 65163231 @ Mon Jul 27 09:29:10 UTC 2026
// 重构日志: 0759ba82
// 重构日志: c0834818
// 重构日志: 3153813c
// 同步 ID: 50eb3be9 @ Thu Jul 30 07:47:25 UTC 2026
